[mironmahmud.com/ushno/assets/index.html]
[backblue.gif]
[fade.gif]
[index.html]
[mironmahmud.com/ushno/assets/img/favicon.png]
[cdnjs.cloudflare.com/ajax/libs/font-awesome/5.14.0/css/all.min.css]
[mironmahmud.com/ushno/assets/css/vendor/slick.css]
[mironmahmud.com/ushno/assets/css/vendor/venobox.min.css]
[mironmahmud.com/ushno/assets/css/vendor/bootstrap.min.css]
[mironmahmud.com/ushno/assets/css/custom/main.css]
[mironmahmud.com/ushno/assets/css/custom/index.css]
[mironmahmud.com/ushno/assets/img/logo.png]
[mironmahmud.com/ushno/assets/sponsor.html]
[mironmahmud.com/ushno/assets/about.html]
[mironmahmud.com/ushno/assets/show.html]
[mironmahmud.com/ushno/assets/team.html]
[mironmahmud.com/ushno/assets/video.html]
[mironmahmud.com/ushno/assets/gallery.html]
[mironmahmud.com/ushno/assets/blog-list.html]
[mironmahmud.com/ushno/assets/blog-details.html]
[mironmahmud.com/ushno/assets/contact.html]
[mironmahmud.com/ushno/assets/img/about-1.jpg]
[mironmahmud.com/ushno/assets/img/about-2.jpg]
[mironmahmud.com/ushno/assets/img/show-1.jpg]
[mironmahmud.com/ushno/assets/img/host-1.jpg]
[mironmahmud.com/ushno/assets/img/host-2.jpg]
[mironmahmud.com/ushno/assets/img/host-3.jpg]
[mironmahmud.com/ushno/assets/img/show-2.jpg]
[mironmahmud.com/ushno/assets/img/sound.gif]
[mironmahmud.com/ushno/assets/img/show-3.jpg]
[mironmahmud.com/ushno/assets/img/host-4.jpg]
[mironmahmud.com/ushno/assets/img/show-4.jpg]
[mironmahmud.com/ushno/assets/img/show-5.jpg]
[mironmahmud.com/ushno/assets/img/host-5.jpg]
[mironmahmud.com/ushno/assets/img/show-6.jpg]
[mironmahmud.com/ushno/assets/img/host-6.jpg]
[mironmahmud.com/ushno/assets/img/host-7.jpg]
[mironmahmud.com/ushno/assets/img/show-7.jpg]
[mironmahmud.com/ushno/assets/img/show-8.jpg]
[mironmahmud.com/ushno/assets/img/host-8.jpg]
[mironmahmud.com/ushno/assets/img/team-1.jpg]
[mironmahmud.com/ushno/assets/img/team-2.jpg]
[mironmahmud.com/ushno/assets/img/team-3.jpg]
[mironmahmud.com/ushno/assets/img/team-4.jpg]
[mironmahmud.com/ushno/assets/img/team-5.jpg]
[mironmahmud.com/ushno/assets/img/video-1.jpg]
[mironmahmud.com/ushno/assets/img/video-2.jpg]
[mironmahmud.com/ushno/assets/img/video-3.jpg]
[mironmahmud.com/ushno/assets/img/video-4.jpg]
[mironmahmud.com/ushno/assets/img/gallery-1.jpg]
[mironmahmud.com/ushno/assets/img/gallery-2.jpg]
[mironmahmud.com/ushno/assets/img/gallery-3.jpg]
[mironmahmud.com/ushno/assets/img/gallery-4.jpg]
[mironmahmud.com/ushno/assets/img/gallery-5.jpg]
[mironmahmud.com/ushno/assets/img/gallery-6.jpg]
[mironmahmud.com/ushno/assets/img/gallery-7.jpg]
[mironmahmud.com/ushno/assets/img/blog-1.jpg]
[mironmahmud.com/ushno/assets/img/blog-2.jpg]
[mironmahmud.com/ushno/assets/img/blog-3.jpg]
[mironmahmud.com/ushno/assets/img/blog-4.jpg]
[mironmahmud.com/ushno/assets/img/google.png]
[mironmahmud.com/ushno/assets/img/app.png]
[mironmahmud.com/ushno/assets/js/vendor/jquery-1.12.4.min.js]
[mironmahmud.com/ushno/assets/js/vendor/popper.min.js]
[mironmahmud.com/ushno/assets/js/vendor/bootstrap.min.js]
[mironmahmud.com/ushno/assets/js/vendor/slick.min.js]
[mironmahmud.com/ushno/assets/js/custom/slick.js]
[mironmahmud.com/ushno/assets/js/vendor/venobox.min.js]
[mironmahmud.com/ushno/assets/js/custom/venobox.js]
[mironmahmud.com/ushno/assets/js/custom/player.js]
[mironmahmud.com/ushno/assets/js/custom/main.js]
[mironmahmud.com/ushno/assets/index.html]
[cdnjs.cloudflare.com/ajax/libs/font-awesome/5.14.0/css/all.min.css]
[mironmahmud.com/ushno/assets/css/vendor/slick.css]
[mironmahmud.com/ushno/assets/css/vendor/venobox.min.css]
[mironmahmud.com/ushno/assets/css/vendor/bootstrap.min.css]
[mironmahmud.com/ushno/assets/img/player-bg.jpg]
[mironmahmud.com/ushno/assets/img/assets-bg.png]
[mironmahmud.com/ushno/assets/css/custom/main.css]
[mironmahmud.com/ushno/assets/img/banner-1.jpg]
[mironmahmud.com/ushno/assets/img/banner-2.jpg]
[mironmahmud.com/ushno/assets/img/banner-3.jpg]
[mironmahmud.com/ushno/assets/css/custom/index.css]
[mironmahmud.com/ushno/assets/font/flaticon/flaticon.css]
[mironmahmud.com/ushno/assets/css/custom/sponsor.css]
[mironmahmud.com/ushno/assets/sponsor.html]
[mironmahmud.com/ushno/assets/css/custom/about.css]
[mironmahmud.com/ushno/assets/img/testi-1.jpg]
[mironmahmud.com/ushno/assets/img/testi-2.jpg]
[mironmahmud.com/ushno/assets/img/testi-3.jpg]
[mironmahmud.com/ushno/assets/img/testi-4.jpg]
[mironmahmud.com/ushno/assets/img/sponsor-1.jpg]
[mironmahmud.com/ushno/assets/img/sponsor-2.jpg]
[mironmahmud.com/ushno/assets/img/sponsor-3.jpg]
[mironmahmud.com/ushno/assets/img/sponsor-4.jpg]
[mironmahmud.com/ushno/assets/img/sponsor-5.jpg]
[mironmahmud.com/ushno/assets/js/vendor/counterup.min.js]
[mironmahmud.com/ushno/assets/js/vendor/waypoints.min.js]
[mironmahmud.com/ushno/assets/js/custom/counterup.js]
[mironmahmud.com/ushno/assets/about.html]
[mironmahmud.com/ushno/assets/css/custom/show.css]
[mironmahmud.com/ushno/assets/show.html]
[mironmahmud.com/ushno/assets/css/custom/team.css]
[mironmahmud.com/ushno/assets/img/team-6.jpg]
[mironmahmud.com/ushno/assets/img/team-7.jpg]
[mironmahmud.com/ushno/assets/img/team-8.jpg]
[mironmahmud.com/ushno/assets/img/team-9.jpg]
[mironmahmud.com/ushno/assets/img/team-10.jpg]
[mironmahmud.com/ushno/assets/img/team-11.jpg]
[mironmahmud.com/ushno/assets/img/team-12.jpg]
[mironmahmud.com/ushno/assets/team.html]
[mironmahmud.com/ushno/assets/css/custom/video.css]
[mironmahmud.com/ushno/assets/img/video-5.jpg]
[mironmahmud.com/ushno/assets/img/video-6.jpg]
[mironmahmud.com/ushno/assets/img/video-7.jpg]
[mironmahmud.com/ushno/assets/img/video-8.jpg]
[mironmahmud.com/ushno/assets/img/video-9.jpg]
[mironmahmud.com/ushno/assets/video.html]
[mironmahmud.com/ushno/assets/css/custom/gallery.css]
[mironmahmud.com/ushno/assets/img/gallery-8.jpg]
[mironmahmud.com/ushno/assets/img/gallery-9.jpg]
[mironmahmud.com/ushno/assets/img/gallery-10.jpg]
[mironmahmud.com/ushno/assets/img/gallery-11.jpg]
[mironmahmud.com/ushno/assets/img/gallery-12.jpg]
[mironmahmud.com/ushno/assets/img/gallery-13.jpg]
[mironmahmud.com/ushno/assets/img/gallery-14.jpg]
[mironmahmud.com/ushno/assets/img/gallery-15.jpg]
[mironmahmud.com/ushno/assets/img/gallery-16.jpg]
[mironmahmud.com/ushno/assets/gallery.html]
[mironmahmud.com/ushno/assets/css/custom/blog-list.css]
[mironmahmud.com/ushno/assets/img/suggest-1.jpg]
[mironmahmud.com/ushno/assets/img/suggest-2.jpg]
[mironmahmud.com/ushno/assets/img/suggest-3.jpg]
[mironmahmud.com/ushno/assets/img/ad-banner.jpg]
[mironmahmud.com/ushno/assets/img/blog-5.jpg]
[mironmahmud.com/ushno/assets/img/blog-6.jpg]
[mironmahmud.com/ushno/assets/img/blog-7.jpg]
[mironmahmud.com/ushno/assets/img/blog-8.jpg]
[mironmahmud.com/ushno/assets/blog-list.html]
[mironmahmud.com/ushno/assets/css/custom/blog-details.css]
[mironmahmud.com/ushno/assets/img/blog-details.jpg]
[mironmahmud.com/ushno/assets/img/author.jpg]
[mironmahmud.com/ushno/assets/img/comment-1.jpg]
[mironmahmud.com/ushno/assets/img/comment-2.jpg]
[mironmahmud.com/ushno/assets/img/comment-3.jpg]
[mironmahmud.com/ushno/assets/blog-details.html]
[mironmahmud.com/ushno/assets/css/custom/contact.css]
[mironmahmud.com/ushno/assets/contact.html]
[mironmahmud.com/ushno/assets/font/flaticon/flaticon.html]
[mironmahmud.com/ushno/assets/img/single-banner.jpg]
[mironmahmud.com/ushno/assets/css/custom/sponsor.css]
[mironmahmud.com/ushno/assets/img/counter-bg.jpg]
[mironmahmud.com/ushno/assets/css/custom/about.css]
[mironmahmud.com/ushno/assets/css/custom/show.css]
[mironmahmud.com/ushno/assets/css/custom/team.css]
[mironmahmud.com/ushno/assets/css/custom/video.css]
[mironmahmud.com/ushno/assets/css/custom/gallery.css]
[mironmahmud.com/ushno/assets/css/custom/blog-list.css]
[mironmahmud.com/ushno/assets/css/custom/blog-details.css]
[mironmahmud.com/ushno/assets/css/custom/contact.css]
